<!DOCTYPE html>
<html lang="en">
<head>
<meta charset="utf-8">
<meta name="viewport" content="width=device-width, initial-scale=1">
<title>Kairos Security Dashboard</title>
<link rel="preconnect" href="https://fonts.googleapis.com">
<link rel="preconnect" href="https://fonts.gstatic.com" crossorigin>
<link href="https://fonts.googleapis.com/css2?family=Space+Grotesk:wght@500;600;700&family=IBM+Plex+Sans:wght@400;500;600&family=IBM+Plex+Mono:wght@400;500&display=swap" rel="stylesheet">
<style>
:root{
  --bg: oklch(0.99 0.004 285); --surface: oklch(1 0 0); --surface-2: oklch(0.97 0.006 285);
  --border: oklch(0.91 0.008 285); --line: oklch(0.94 0.006 285);
  --text: oklch(0.28 0.03 285); --muted: oklch(0.52 0.025 285);
  --accent: oklch(0.52 0.19 285); --accent-weak: oklch(0.95 0.03 285);
  --crit: oklch(0.55 0.2 27); --crit-bg: oklch(0.95 0.05 27);
  --high: oklch(0.58 0.15 55); --high-bg: oklch(0.95 0.05 65);
  --med: oklch(0.62 0.11 90); --med-bg: oklch(0.96 0.05 95);
  --low: oklch(0.55 0.015 285); --low-bg: oklch(0.95 0.006 285);
  --ok: oklch(0.55 0.13 155); --ok-bg: oklch(0.95 0.04 155);
  --warn: oklch(0.58 0.14 60); --warn-bg: oklch(0.96 0.05 70);
}
@media (prefers-color-scheme: dark){
  :root{
    --bg: oklch(0.2 0.02 285); --surface: oklch(0.24 0.02 285); --surface-2: oklch(0.27 0.02 285);
    --border: oklch(0.36 0.02 285); --line: oklch(0.31 0.02 285);
    --text: oklch(0.92 0.015 285); --muted: oklch(0.7 0.02 285);
    --accent: oklch(0.74 0.14 285); --accent-weak: oklch(0.31 0.05 285);
    --crit-bg: oklch(0.32 0.08 27); --high-bg: oklch(0.33 0.07 60); --med-bg: oklch(0.34 0.06 90);
    --low-bg: oklch(0.3 0.01 285); --ok-bg: oklch(0.32 0.06 155); --warn-bg: oklch(0.34 0.07 65);
  }
}
*{ box-sizing: border-box; }
html{ scroll-behavior: smooth; }
body{ font-family: "IBM Plex Sans", system-ui, sans-serif; margin: 0; color: var(--text); background: var(--bg);
  line-height: 1.55; font-size: 15px; -webkit-font-smoothing: antialiased; }
a{ color: var(--accent); text-decoration: none; }
a:hover{ text-decoration: underline; text-underline-offset: 2px; }
.wrap{ max-width: 1080px; margin: 0 auto; padding: 0 clamp(1rem, 4vw, 2.5rem); }
code, .mono{ font-family: "IBM Plex Mono", ui-monospace, monospace; font-size: 0.86em; }

 
header.mast{ position: sticky; top: 0; z-index: 20; background: color-mix(in oklch, var(--bg) 88%, transparent);
  backdrop-filter: saturate(1.4) blur(8px); border-bottom: 1px solid var(--border); }
.mast .wrap{ display: flex; align-items: baseline; gap: 1rem 1.25rem; flex-wrap: wrap; padding-top: 0.9rem; padding-bottom: 0.9rem; }
.brand{ font-family: "Space Grotesk", sans-serif; font-weight: 700; font-size: 1.15rem; letter-spacing: -0.01em; color: var(--text); }
.brand .dot{ color: var(--accent); }
.mast .upd{ color: var(--muted); font-size: 0.85rem; }
.mast .grow{ flex: 1; }
.ai-warn{ color: var(--crit); font-weight: 600; font-size: 0.85rem; }

 
nav.toc{ position: sticky; top: 53px; z-index: 19; background: var(--bg); border-bottom: 1px solid var(--line); }
nav.toc .wrap{ display: flex; gap: 0.35rem; flex-wrap: wrap; padding-top: 0.5rem; padding-bottom: 0.5rem; overflow-x: auto; }
nav.toc a{ color: var(--muted); font-size: 0.82rem; font-weight: 500; padding: 0.25rem 0.6rem; border-radius: 999px; white-space: nowrap; }
nav.toc a:hover{ color: var(--text); background: var(--surface-2); text-decoration: none; }

 
.hero{ padding: clamp(1.5rem,4vw,2.5rem) 0 0.5rem; }
.hero .why{ font-family: "Space Grotesk", sans-serif; font-weight: 600; font-size: clamp(1.25rem, 3.2vw, 1.7rem);
  letter-spacing: -0.015em; line-height: 1.25; max-width: 30ch; margin: 0 0 1.25rem; }
.stats{ display: flex; flex-wrap: wrap; gap: 0.5rem 2.25rem; align-items: baseline; }
.stat{ display: flex; flex-direction: column; gap: 0.1rem; }
.stat .n{ font-family: "Space Grotesk", sans-serif; font-weight: 700; font-size: 1.5rem; line-height: 1; letter-spacing: -0.02em; }
.stat .k{ color: var(--muted); font-size: 0.72rem; text-transform: uppercase; letter-spacing: 0.06em; }
.stat .sub{ color: var(--muted); font-size: 0.78rem; }
.stat.crit .n{ color: var(--crit); } .stat.high .n{ color: var(--high); }

 
section{ padding: 1.5rem 0; border-top: 1px solid var(--line); scroll-margin-top: 96px; }
section h2{ font-family: "Space Grotesk", sans-serif; font-weight: 600; font-size: 1.05rem; letter-spacing: -0.01em;
  margin: 0 0 0.9rem; display: flex; align-items: center; gap: 0.45rem; }
section h2 .count{ color: var(--muted); font-weight: 500; font-size: 0.85rem; }
h3.repo{ font-family: "IBM Plex Sans", sans-serif; font-weight: 600; font-size: 0.92rem; margin: 1.1rem 0 0.4rem; }

 
.callout{ border: 1px solid var(--border); border-left: 3px solid var(--warn); background: var(--warn-bg);
  border-radius: 8px; padding: 0.9rem 1.1rem; }
.callout.ok{ border-left-color: var(--ok); background: var(--ok-bg); }
.callout h2{ margin-top: 0; }
.callout ul{ margin: 0.4rem 0 0; padding-left: 1.1rem; } .callout li{ margin: 0.2rem 0; }

 
.tbl{ overflow-x: auto; border: 1px solid var(--border); border-radius: 8px; }
table{ border-collapse: collapse; width: 100%; font-size: 0.88rem; }
thead th{ position: sticky; top: 0; background: var(--surface-2); text-align: left; font-weight: 600; color: var(--muted);
  font-size: 0.72rem; text-transform: uppercase; letter-spacing: 0.05em; padding: 0.55rem 0.7rem; border-bottom: 1px solid var(--border); }
td{ padding: 0.5rem 0.7rem; border-bottom: 1px solid var(--line); vertical-align: top; }
tbody tr:last-child td{ border-bottom: 0; }
tbody tr:nth-child(even){ background: color-mix(in oklch, var(--surface-2) 45%, transparent); }
td.num{ text-align: right; font-variant-numeric: tabular-nums; font-family: "IBM Plex Mono", monospace; }
td.num.zero{ color: var(--muted); opacity: 0.45; }

 
.pill{ display: inline-block; padding: 0.05rem 0.45rem; border-radius: 999px; font-size: 0.72rem; font-weight: 600;
  letter-spacing: 0.02em; line-height: 1.5; }
.sev-critical{ background: var(--crit-bg); color: var(--crit); }
.sev-high{ background: var(--high-bg); color: var(--high); }
.sev-medium{ background: var(--med-bg); color: var(--med); }
.sev-low{ background: var(--low-bg); color: var(--low); }
.v-good{ background: var(--ok-bg); color: var(--ok); }
.v-bad{ background: var(--crit-bg); color: var(--crit); }
.v-needs_human_verification{ background: var(--warn-bg); color: var(--warn); }
.src{ color: var(--muted); font-size: 0.78rem; }
.status-errored{ color: var(--warn); font-weight: 600; }
.status-clean{ color: var(--muted); }

 
ul.flat{ list-style: none; margin: 0; padding: 0; }
ul.flat > li{ padding: 0.45rem 0; border-bottom: 1px solid var(--line); }
ul.flat > li:last-child{ border-bottom: 0; }
.empty{ color: var(--muted); font-style: italic; }
.summary{ color: var(--muted); font-size: 0.85rem; margin: 0.15rem 0 0; }
details.trace{ margin-top: 0.35rem; } details.trace summary{ cursor: pointer; color: var(--muted); font-size: 0.78rem; }
details.trace ul{ margin: 0.3rem 0 0; padding-left: 1.1rem; } details.trace li{ color: var(--muted); font-size: 0.8rem; }

 
.ai-warn-badge{
  display: inline-flex; align-items: center; gap: 0.2rem;
  margin-left: 0.35rem; padding: 0.05rem 0.4rem;
  border-radius: 999px; background: var(--warn-bg); color: var(--warn);
  font-size: 0.72rem; font-weight: 600; cursor: help;
  border: 1px solid color-mix(in oklch, var(--warn) 40%, transparent);
  position: relative;
}
.ai-warn-badge:hover .ai-warn-tip,
.ai-warn-badge:focus-within .ai-warn-tip{ display: block; }
.ai-warn-tip{
  display: none; position: absolute; top: calc(100% + 6px); left: 0;
  z-index: 30; min-width: 260px; max-width: 460px;
  padding: 0.6rem 0.75rem; border-radius: 8px;
  background: var(--surface); color: var(--text);
  border: 1px solid var(--border);
  box-shadow: 0 8px 24px rgba(0,0,0,0.18);
  font-size: 0.82rem; font-weight: 400; line-height: 1.4;
  white-space: normal;
}
.ai-warn-tip strong{ display: block; margin-bottom: 0.25rem; color: var(--warn); }
.ai-warn-tip .meta{ margin-top: 0.35rem; color: var(--muted); font-size: 0.75rem; }
details.ai-warn{ border: 1px solid color-mix(in oklch, var(--warn) 45%, var(--border));
  background: var(--warn-bg); border-radius: 8px; padding: 0.55rem 0.85rem; margin: 0.5rem 0; }
details.ai-warn > summary{ cursor: pointer; font-weight: 600; color: var(--warn); list-style: none; }
details.ai-warn > summary::-webkit-details-marker{ display: none; }
details.ai-warn[open]{ background: var(--surface-2); }
details.ai-warn .reason{ margin: 0.5rem 0 0; }
details.ai-warn .meta{ margin-top: 0.4rem; color: var(--muted); font-size: 0.78rem; }
blockquote{ border-left: 3px solid var(--border); margin: 0; padding: 0.25rem 1rem; color: var(--muted); font-style: italic; }

footer{ border-top: 1px solid var(--line); padding: 1.5rem 0 3rem; color: var(--muted); font-size: 0.85rem;
  display: flex; gap: 1rem; flex-wrap: wrap; }
</style>
</head>
<body>
<header class="mast"><div class="wrap">
<span class="brand">Kairos <span class="dot">Security</span></span>
<span class="grow"></span>
<span class="upd">Updated 2026-06-19</span>

</div></header>

<nav class="toc"><div class="wrap">
<a href="#attention">Attention</a>
<a href="#findings">Findings</a>

<a href="#prs">Open PRs</a>
<a href="#reviews">PR reviews</a>
<a href="#ledger">Ledger</a>
<a href="#fronts">Waterfall</a>
<a href="#run">This run</a>
</div></nav>

<main class="wrap">

<div class="hero">
<p class="why">1 finding(s); 1 PR(s) open.</p>
<div class="stats">
<div class="stat"><span class="n">3</span><span class="k">Repos scanned</span><span class="sub">1 errored</span></div>
<div class="stat crit"><span class="n">1</span><span class="k">CVE findings</span><span class="sub">1 crit &middot; 0 high &middot; 0 med</span></div>
<div class="stat"><span class="n">0</span><span class="k">CVE-related PRs</span></div>
<div class="stat"><span class="n">1</span><span class="k">Bot PRs open</span><span class="sub">0 merged &middot; 0 need human</span></div>
</div>
</div>

<section id="attention">
<h2>&#128680; Needs attention</h2>


<h3 class="repo">&#128293; Focus now</h3>
<ul class="flat"><li><strong>CVE-2025-9999</strong> &mdash; Critical openssl CVE in kairos image</li></ul>
<h3 class="repo">&#9888;&#65039; 1 collection error</h3>
<ul class="flat"><li><a href="https://github.com/kairos-io/x" target="_blank" rel="noopener">kairos-io/x</a> <span class="src">prs</span> &mdash; rate limited</li></ul>

</section>

<section id="findings">
<h2>&#128230; Per-repo findings <span class="count">3 repos</span></h2>
<div class="tbl"><table>
<thead><tr><th>Repo</th><th>Crit</th><th>High</th><th>Med</th><th>Total</th><th>Status</th></tr></thead>
<tbody>
<tr><td><a href="https://github.com/kairos-io/kairos" target="_blank" rel="noopener">kairos-io/kairos</a></td>
<td class="num">1</td><td class="num zero">0</td><td class="num zero">0</td><td class="num">1</td>
<td class="">ok</td></tr>
<tr><td><a href="https://github.com/kairos-io/kairos-sdk" target="_blank" rel="noopener">kairos-io/kairos-sdk</a></td>
<td class="num zero">0</td><td class="num zero">0</td><td class="num zero">0</td><td class="num zero">0</td>
<td class="status-clean">clean (no crit/high/med)</td></tr>
<tr><td><a href="https://github.com/kairos-io/x" target="_blank" rel="noopener">kairos-io/x</a></td>
<td class="num zero">0</td><td class="num zero">0</td><td class="num zero">0</td><td class="num zero">0</td>
<td class="status-errored">⚠️ errors</td></tr>
</tbody>
</table></div>
</section>

<section id="informational">
<h2>&#8505;&#65039; Informational &mdash; not counted <span class="count">2</span></h2>
<p class="summary">These findings are separated from the counts above: CVEs we are already past, or components accepted as pinned risk.</p>
<div class="tbl"><table>
<thead><tr><th>Package</th><th>Current</th><th>Fixed</th><th>Severity</th><th>CVE</th><th>Why</th></tr></thead>
<tbody>
<tr><td>libxml2</td><td>2.13.0</td><td>2.12.0</td><td class="sev-critical">critical</td>
<td>CVE-2024-0001</td><td>already fixed: current 2.13.0 is past fixed 2.12.0</td></tr>
<tr><td>openssl-fips</td><td>3.0.8</td><td>—</td><td class="sev-medium">medium</td>
<td>CVE-2023-5678</td><td>accepted: pinned FIPS build</td></tr>
</tbody>
</table></div>
</section>

<section id="prs">
<h2>&#128203; Open PRs <span class="count">CVE-related</span></h2>
<p class="empty">No CVE-related PRs open.</p>
</section>

<section id="reviews"><h2>&#128270; Bot-PR reviews</h2><p class="empty">No bot PRs reviewed yet.</p></section>

<section id="ledger">
<h2>&#129302; Bot PR ledger</h2>
<div class="tbl"><table>
<thead><tr><th>Repo</th><th>Bump</th><th>Kind</th><th>Source</th><th>State</th><th>PR</th></tr></thead>
<tbody>
<tr><td><a href="https://github.com/kairos-io/immucore" target="_blank" rel="noopener">kairos-io/immucore</a></td><td><code>golang.org/x/net@0.33.0</code></td><td>direct</td><td><span class="src">ksec</span></td><td>open</td><td><a href="https://github.com/kairos-io/immucore/pull/412" target="_blank" rel="noopener">#412</a></td></tr>
</tbody>
</table></div>
</section>

<section id="fronts">
<h2>&#127754; Waterfall fronts <span class="count">shared root causes</span></h2>
<div class="tbl"><table>
<thead><tr><th>Root cause</th><th>Severity</th><th>Suggested bump</th><th>Affected repos</th></tr></thead>
<tbody>
<tr><td>golang.org/x/net (CVE-2025-1)</td><td><span class="pill sev-high">high</span></td><td><code>golang.org/x/net@0.33.0</code></td><td>kairos-io/immucore, kairos-io/kairos-agent</td></tr>
</tbody>
</table></div>
</section>

<section id="run">
<h2>&#128203; This run</h2>
<blockquote>Focus on the openssl critical first.</blockquote>
<ul class="flat">
<li><strong>Scanned</strong> 3 repos &middot; 1 errored</li>
<li><strong>Findings</strong> 1 &mdash; 1 critical / 0 high / 0 medium / 0 low / 0 unknown</li>
<li><strong>Remediation</strong> 1 open &middot; 0 superseded &middot; 0 merged &middot; 0 need-human</li>
</ul>

</section>

</main>
<footer class="wrap">
<a href="https://github.com/kairos-io/security" target="_blank" rel="noopener">kairos-io/security</a>
<a href="https://github.com/kairos-io/security/actions/runs/1" target="_blank" rel="noopener">Run log</a>
</footer>
</body>
</html>
